gcc -std=c11 -ffreestanding -O2 -Wall -Wextra -Ikernel/include -fno-stack-protector -nostdlib -fno-builtin -fno-pie -mno-red-zone -mno-mmx -mno-sse -mno-sse2 -c kernel/gui/icons.c -o build/gui/icons.o
ld -n -T kernel/arch/x86_64/linker.ld -nostdlib -z max-page-size=0x1000 -o build/raisuos.bin build/boot.o build/isr.o build/kernel.o build/arch/x86_64/gdt.o build/arch/x86_64/idt.o build/lib/string.o build/lib/math.o build/mm/heap.o build/drivers/timer.o build/drivers/serial.o build/drivers/keyboard.o build/drivers/mouse.o build/drivers/vbe.o build/gui/graphics.o build/gui/font.o build/gui/window.o build/gui/desktop.o build/gui/taskbar.o build/gui/launcher.o build/gui/icons.o build/apps/app_terminal.o build/apps/app_editor.o build/apps/app_files.o build/apps/app_sysmon.o build/apps/app_calculator.o build/apps/app_calendar.o build/apps/app_weather.o build/apps/app_notepad.o build/apps/app_clock.o build/apps/app_music.o build/apps/app_photos.o build/apps/app_settings.o build/apps/app_about.o build/i18n/i18n.o
ld: warning: build/isr.o: missing .note.GNU-stack section implies executable stack
ld: NOTE: This behaviour is deprecated and will be removed in a future version of the linker
ld: warning: build/raisuos.bin has a LOAD segment with RWX permissions
